// Vitest Snapshot v1

exports[`<Counter /> > should render the heading 1`] = `
<div>
  <h1>
    Vite + React
  </h1>
  <div
    class="card"
  >
    <button>
      count is 
      0
    </button>
    <p>
      Edit 
      <code>
        src/App.tsx
      </code>
       and save to test HMR
    </p>
  </div>
  <p>
    Click on the Vite and React logos to learn more
  </p>
</div>
`;
